Archive member included because of file (symbol)

/home/kliment/.arduino15/packages/arduino/tools/arm-none-eabi-gcc/4.8.3-2014q1/bin/../lib/gcc/arm-none-eabi/4.8.3/../../../../arm-none-eabi/lib/armv6-m/libc_s.a(lib_a-exit.o)
                              /home/kliment/.arduino15/packages/arduino/tools/arm-none-eabi-gcc/4.8.3-2014q1/bin/../lib/gcc/arm-none-eabi/4.8.3/../../../../arm-none-eabi/lib/armv6-m/crt0.o (exit)
/home/kliment/.arduino15/packages/arduino/tools/arm-none-eabi-gcc/4.8.3-2014q1/bin/../lib/gcc/arm-none-eabi/4.8.3/../../../../arm-none-eabi/lib/armv6-m/libc_s.a(lib_a-impure.o)
                              /home/kliment/.arduino15/packages/arduino/tools/arm-none-eabi-gcc/4.8.3-2014q1/bin/../lib/gcc/arm-none-eabi/4.8.3/../../../../arm-none-eabi/lib/armv6-m/libc_s.a(lib_a-exit.o) (_global_impure_ptr)
/home/kliment/.arduino15/packages/arduino/tools/arm-none-eabi-gcc/4.8.3-2014q1/bin/../lib/gcc/arm-none-eabi/4.8.3/../../../../arm-none-eabi/lib/armv6-m/libc_s.a(lib_a-init.o)
                              /home/kliment/.arduino15/packages/arduino/tools/arm-none-eabi-gcc/4.8.3-2014q1/bin/../lib/gcc/arm-none-eabi/4.8.3/../../../../arm-none-eabi/lib/armv6-m/crt0.o (__libc_init_array)
/home/kliment/.arduino15/packages/arduino/tools/arm-none-eabi-gcc/4.8.3-2014q1/bin/../lib/gcc/arm-none-eabi/4.8.3/../../../../arm-none-eabi/lib/armv6-m/libc_s.a(lib_a-memcpy-stub.o)
                              build/board_driver_usb.o (memcpy)
/home/kliment/.arduino15/packages/arduino/tools/arm-none-eabi-gcc/4.8.3-2014q1/bin/../lib/gcc/arm-none-eabi/4.8.3/../../../../arm-none-eabi/lib/armv6-m/libc_s.a(lib_a-memset.o)
                              /home/kliment/.arduino15/packages/arduino/tools/arm-none-eabi-gcc/4.8.3-2014q1/bin/../lib/gcc/arm-none-eabi/4.8.3/../../../../arm-none-eabi/lib/armv6-m/crt0.o (memset)
/home/kliment/.arduino15/packages/arduino/tools/arm-none-eabi-gcc/4.8.3-2014q1/bin/../lib/gcc/arm-none-eabi/4.8.3/../../../../arm-none-eabi/lib/armv6-m/libc_s.a(lib_a-strlen.o)
                              build/sam_ba_usb.o (strlen)
/home/kliment/.arduino15/packages/arduino/tools/arm-none-eabi-gcc/4.8.3-2014q1/bin/../lib/gcc/arm-none-eabi/4.8.3/../../../../arm-none-eabi/lib/armv6-m/libnosys.a(_exit.o)
                              /home/kliment/.arduino15/packages/arduino/tools/arm-none-eabi-gcc/4.8.3-2014q1/bin/../lib/gcc/arm-none-eabi/4.8.3/../../../../arm-none-eabi/lib/armv6-m/libc_s.a(lib_a-exit.o) (_exit)

Allocating common symbols
Common symbol       size              file

rxbuf               0x41              build/main.o
b_sharp_received    0x1               build/sam_ba_serial.o
udd_ep_out_cache_buffer
                    0x80              build/board_driver_usb.o
j                   0x1               build/sam_ba_monitor.o
udd_ep_in_cache_buffer
                    0x80              build/board_driver_usb.o
idx_rx_write        0x1               build/sam_ba_serial.o
size_of_data        0x2               build/sam_ba_serial.o
length              0x4               build/sam_ba_monitor.o
ptr                 0x4               build/sam_ba_monitor.o
command             0x1               build/sam_ba_monitor.o
pulSketch_Start_Address
                    0x4               build/main.o
MAX_FLASH           0x4               build/sam_ba_monitor.o
PAGES               0x4               build/sam_ba_monitor.o
idx_tx_read         0x1               build/sam_ba_serial.o
i                   0x4               build/sam_ba_monitor.o
buffer_tx_usart     0x80              build/sam_ba_serial.o
sam_ba_cdc          0xc               build/sam_ba_usb.o
error_timeout       0x1               build/sam_ba_serial.o
usb_endpoint_table  0x80              build/board_driver_usb.o
PAGE_SIZE           0x4               build/sam_ba_monitor.o
data                0x40              build/sam_ba_monitor.o
mode_of_transfer    0x1               build/sam_ba_serial.o
ptr_data            0x4               build/sam_ba_monitor.o
idx_rx_read         0x1               build/sam_ba_serial.o
ptr_monitor_if      0x4               build/sam_ba_monitor.o
sp                  0x4               build/sam_ba_monitor.o
current_number      0x4               build/sam_ba_monitor.o
idx_tx_write        0x1               build/sam_ba_serial.o
txbuf               0x41              build/main.o
u32tmp              0x4               build/sam_ba_monitor.o
buffer_rx_usart     0x80              build/sam_ba_serial.o

Discarded input sections

 .text          0x0000000000000000        0x0 /home/kliment/.arduino15/packages/arduino/tools/arm-none-eabi-gcc/4.8.3-2014q1/bin/../lib/gcc/arm-none-eabi/4.8.3/armv6-m/crti.o
 .data          0x0000000000000000        0x0 /home/kliment/.arduino15/packages/arduino/tools/arm-none-eabi-gcc/4.8.3-2014q1/bin/../lib/gcc/arm-none-eabi/4.8.3/armv6-m/crti.o
 .bss           0x0000000000000000        0x0 /home/kliment/.arduino15/packages/arduino/tools/arm-none-eabi-gcc/4.8.3-2014q1/bin/../lib/gcc/arm-none-eabi/4.8.3/armv6-m/crti.o
[...]
Memory Configuration

Name             Origin             Length             Attributes
FLASH            0x0000000000000400 0x0000000000002000 xr
RAM              0x0000000020000000 0x0000000000000ffc xrw
*default*        0x0000000000000000 0xffffffffffffffff

Linker script and memory map

LOAD /home/kliment/.arduino15/packages/arduino/tools/arm-none-eabi-gcc/4.8.3-2014q1/bin/../lib/gcc/arm-none-eabi/4.8.3/armv6-m/crti.o
LOAD /home/kliment/.arduino15/packages/arduino/tools/arm-none-eabi-gcc/4.8.3-2014q1/bin/../lib/gcc/arm-none-eabi/4.8.3/armv6-m/crtbegin.o
LOAD /home/kliment/.arduino15/packages/arduino/tools/arm-none-eabi-gcc/4.8.3-2014q1/bin/../lib/gcc/arm-none-eabi/4.8.3/../../../../arm-none-eabi/lib/armv6-m/crt0.o
START GROUP
LOAD build/board_driver_i2c.o
LOAD build/board_driver_led.o
LOAD build/board_driver_pmic.o
LOAD build/board_driver_serial.o
LOAD build/board_driver_usb.o
LOAD build/board_init.o
LOAD build/board_startup.o
LOAD build/main.o
LOAD build/sam_ba_usb.o
LOAD build/sam_ba_cdc.o
LOAD build/sam_ba_monitor.o
LOAD build/sam_ba_serial.o
LOAD /home/kliment/.arduino15/packages/arduino/tools/arm-none-eabi-gcc/4.8.3-2014q1/bin/../lib/gcc/arm-none-eabi/4.8.3/../../../../arm-none-eabi/lib/armv6-m/libm.a
END GROUP
START GROUP
LOAD /home/kliment/.arduino15/packages/arduino/tools/arm-none-eabi-gcc/4.8.3-2014q1/bin/../lib/gcc/arm-none-eabi/4.8.3/armv6-m/libgcc.a
LOAD /home/kliment/.arduino15/packages/arduino/tools/arm-none-eabi-gcc/4.8.3-2014q1/bin/../lib/gcc/arm-none-eabi/4.8.3/../../../../arm-none-eabi/lib/armv6-m/libc_s.a
END GROUP
START GROUP
LOAD /home/kliment/.arduino15/packages/arduino/tools/arm-none-eabi-gcc/4.8.3-2014q1/bin/../lib/gcc/arm-none-eabi/4.8.3/armv6-m/libgcc.a
LOAD /home/kliment/.arduino15/packages/arduino/tools/arm-none-eabi-gcc/4.8.3-2014q1/bin/../lib/gcc/arm-none-eabi/4.8.3/../../../../arm-none-eabi/lib/armv6-m/libc_s.a
LOAD /home/kliment/.arduino15/packages/arduino/tools/arm-none-eabi-gcc/4.8.3-2014q1/bin/../lib/gcc/arm-none-eabi/4.8.3/../../../../arm-none-eabi/lib/armv6-m/libnosys.a
END GROUP
START GROUP
LOAD /home/kliment/.arduino15/packages/arduino/tools/arm-none-eabi-gcc/4.8.3-2014q1/bin/../lib/gcc/arm-none-eabi/4.8.3/armv6-m/libgcc.a
LOAD /home/kliment/.arduino15/packages/arduino/tools/arm-none-eabi-gcc/4.8.3-2014q1/bin/../lib/gcc/arm-none-eabi/4.8.3/../../../../arm-none-eabi/lib/armv6-m/libc_s.a
LOAD /home/kliment/.arduino15/packages/arduino/tools/arm-none-eabi-gcc/4.8.3-2014q1/bin/../lib/gcc/arm-none-eabi/4.8.3/../../../../arm-none-eabi/lib/armv6-m/libnosys.a
END GROUP
LOAD /home/kliment/.arduino15/packages/arduino/tools/arm-none-eabi-gcc/4.8.3-2014q1/bin/../lib/gcc/arm-none-eabi/4.8.3/armv6-m/crtend.o
LOAD /home/kliment/.arduino15/packages/arduino/tools/arm-none-eabi-gcc/4.8.3-2014q1/bin/../lib/gcc/arm-none-eabi/4.8.3/armv6-m/crtn.o
                0x0000000000000400                . = ORIGIN (FLASH)

.vectors        0x0000000000000400       0x40
 *(.isr_vector)
 .isr_vector    0x0000000000000400       0x40 build/board_startup.o
                0x0000000000000400                exception_table

.text           0x0000000000000440      0xbc8
 *(.text*)
 .text          0x0000000000000440       0x60 /home/kliment/.arduino15/packages/arduino/tools/arm-none-eabi-gcc/4.8.3-2014q1/bin/../lib/gcc/arm-none-eabi/4.8.3/armv6-m/crtbegin.o
 .text.uart_basic_init
                0x00000000000004a0       0x5c build/board_driver_serial.o
                0x00000000000004a0                uart_basic_init
 .text.uart_read_byte
                0x00000000000004fc       0x30 build/board_driver_serial.o
                0x00000000000004fc                uart_read_byte
 .text.USB_IsConfigured
                0x000000000000052c       0x88 build/board_driver_usb.o
                0x000000000000052c                USB_IsConfigured
 .text.USB_Open
                0x00000000000005b4       0x1c build/board_driver_usb.o
                0x00000000000005b4                USB_Open
 .text.USB_Init
                0x00000000000005d0      0x108 build/board_driver_usb.o
                0x00000000000005d0                USB_Init
 .text.USB_Write
                0x00000000000006d8       0x90 build/board_driver_usb.o
                0x00000000000006d8                USB_Write
 .text.USB_SendStall
                0x0000000000000768       0x12 build/board_driver_usb.o
                0x0000000000000768                USB_SendStall
 *fill*         0x000000000000077a        0x2 
 .text.USB_SendZlp
                0x000000000000077c       0x28 build/board_driver_usb.o
                0x000000000000077c                USB_SendZlp
 .text.USB_SetAddress
                0x00000000000007a4        0xc build/board_driver_usb.o
                0x00000000000007a4                USB_SetAddress
 .text.USB_Configure
                0x00000000000007b0       0x68 build/board_driver_usb.o
                0x00000000000007b0                USB_Configure
 .text.NMI_Handler
                0x0000000000000818        0x4 build/board_startup.o
                0x0000000000000818                NMI_Handler
 .text.HardFault_Handler
                0x000000000000081c        0x4 build/board_startup.o
                0x000000000000081c                HardFault_Handler
 .text.SVC_Handler
                0x0000000000000820        0x4 build/board_startup.o
                0x0000000000000820                SVC_Handler
 .text.PendSV_Handler
                0x0000000000000824        0x4 build/board_startup.o
                0x0000000000000824                PendSV_Handler
 .text.Reset_Handler
                0x0000000000000828       0x50 build/board_startup.o
                0x0000000000000828                Reset_Handler
 .text.testinit
                0x0000000000000878       0xe0 build/main.o
                0x0000000000000878                testinit
 .text.init_GPIO
                0x0000000000000958       0x54 build/main.o
                0x0000000000000958                init_GPIO
 .text.startup.main
                0x00000000000009ac       0xe0 build/main.o
                0x00000000000009ac                main
 .text.SysTick_Handler
                0x0000000000000a8c        0x2 build/main.o
                0x0000000000000a8c                SysTick_Handler
 *fill*         0x0000000000000a8e        0x2 
 .text.usb_init
                0x0000000000000a90       0x20 build/sam_ba_usb.o
                0x0000000000000a90                usb_init
 .text.USB_SendString
                0x0000000000000ab0       0x46 build/sam_ba_usb.o
                0x0000000000000ab0                USB_SendString
 *fill*         0x0000000000000af6        0x2 
 .text.sam_ba_usb_CDC_Enumerate
                0x0000000000000af8      0x3a4 build/sam_ba_usb.o
                0x0000000000000af8                sam_ba_usb_CDC_Enumerate
 .text.serial_open
                0x0000000000000e9c       0xac build/sam_ba_serial.o
                0x0000000000000e9c                serial_open
 .text.serial_is_rx_ready
                0x0000000000000f48       0x10 build/sam_ba_serial.o
                0x0000000000000f48                serial_is_rx_ready
 .text.serial_getc
                0x0000000000000f58       0x18 build/sam_ba_serial.o
                0x0000000000000f58                serial_getc
 .text.memcpy   0x0000000000000f70       0x12 /home/kliment/.arduino15/packages/arduino/tools/arm-none-eabi-gcc/4.8.3-2014q1/bin/../lib/gcc/arm-none-eabi/4.8.3/../../../../arm-none-eabi/lib/armv6-m/libc_s.a(lib_a-memcpy-stub.o)
                0x0000000000000f70                memcpy
 .text.memset   0x0000000000000f82       0x10 /home/kliment/.arduino15/packages/arduino/tools/arm-none-eabi-gcc/4.8.3-2014q1/bin/../lib/gcc/arm-none-eabi/4.8.3/../../../../arm-none-eabi/lib/armv6-m/libc_s.a(lib_a-memset.o)
                0x0000000000000f82                memset
 .text.strlen   0x0000000000000f92        0xe /home/kliment/.arduino15/packages/arduino/tools/arm-none-eabi-gcc/4.8.3-2014q1/bin/../lib/gcc/arm-none-eabi/4.8.3/../../../../arm-none-eabi/lib/armv6-m/libc_s.a(lib_a-strlen.o)
                0x0000000000000f92                strlen
 *(.init)
 .init          0x0000000000000fa0        0x4 /home/kliment/.arduino15/packages/arduino/tools/arm-none-eabi-gcc/4.8.3-2014q1/bin/../lib/gcc/arm-none-eabi/4.8.3/armv6-m/crti.o
                0x0000000000000fa0                _init
 .init          0x0000000000000fa4        0x8 /home/kliment/.arduino15/packages/arduino/tools/arm-none-eabi-gcc/4.8.3-2014q1/bin/../lib/gcc/arm-none-eabi/4.8.3/armv6-m/crtn.o
 *(.fini)
 .fini          0x0000000000000fac        0x4 /home/kliment/.arduino15/packages/arduino/tools/arm-none-eabi-gcc/4.8.3-2014q1/bin/../lib/gcc/arm-none-eabi/4.8.3/armv6-m/crti.o
                0x0000000000000fac                _fini
 .fini          0x0000000000000fb0        0x8 /home/kliment/.arduino15/packages/arduino/tools/arm-none-eabi-gcc/4.8.3-2014q1/bin/../lib/gcc/arm-none-eabi/4.8.3/armv6-m/crtn.o
 *crtbegin.o(.ctors)
 *crtbegin?.o(.ctors)
 *(EXCLUDE_FILE(*crtend.o *crtend?.o) .ctors)
 *(SORT(.ctors.*))
 *(.ctors)
 *crtbegin.o(.dtors)
 *crtbegin?.o(.dtors)
 *(EXCLUDE_FILE(*crtend.o *crtend?.o) .dtors)
 *(SORT(.dtors.*))
 *(.dtors)
 *(.rodata*)
 .rodata        0x0000000000000fb8        0x4 build/sam_ba_usb.o
 .rodata.str1.1
                0x0000000000000fbc       0x31 build/sam_ba_usb.o
 *fill*         0x0000000000000fed        0x3 
 .rodata.devDescriptor
                0x0000000000000ff0       0x14 build/sam_ba_usb.o
 *(.eh_frame*)
 .eh_frame      0x0000000000001004        0x0 /home/kliment/.arduino15/packages/arduino/tools/arm-none-eabi-gcc/4.8.3-2014q1/bin/../lib/gcc/arm-none-eabi/4.8.3/armv6-m/crtbegin.o
 .eh_frame      0x0000000000001004        0x4 /home/kliment/.arduino15/packages/arduino/tools/arm-none-eabi-gcc/4.8.3-2014q1/bin/../lib/gcc/arm-none-eabi/4.8.3/armv6-m/crtend.o

.glue_7         0x0000000000001008        0x0
 .glue_7        0x0000000000000000        0x0 linker stubs

.glue_7t        0x0000000000001008        0x0
 .glue_7t       0x0000000000000000        0x0 linker stubs

.vfp11_veneer   0x0000000000001008        0x0
 .vfp11_veneer  0x0000000000000000        0x0 linker stubs

.v4_bx          0x0000000000001008        0x0
 .v4_bx         0x0000000000000000        0x0 linker stubs

.iplt           0x0000000000001008        0x0
 .iplt          0x0000000000000000        0x0 /home/kliment/.arduino15/packages/arduino/tools/arm-none-eabi-gcc/4.8.3-2014q1/bin/../lib/gcc/arm-none-eabi/4.8.3/armv6-m/crtbegin.o

.rel.dyn        0x0000000000001008        0x0
 .rel.iplt      0x0000000000000000        0x0 /home/kliment/.arduino15/packages/arduino/tools/arm-none-eabi-gcc/4.8.3-2014q1/bin/../lib/gcc/arm-none-eabi/4.8.3/armv6-m/crtbegin.o

.ARM.extab
 *(.ARM.extab* .gnu.linkonce.armextab.*)
                0x0000000000001008                __exidx_start = .

.ARM.exidx
 *(.ARM.exidx* .gnu.linkonce.armexidx.*)
                0x0000000000001008                __exidx_end = .
                0x0000000000001008                __etext = .
                0x0000000000002400                PROVIDE (__sketch_vectors_ptr, (ORIGIN (FLASH) + 0x2000))

.data           0x0000000020000000       0x58 load address 0x0000000000001008
                0x0000000020000000                __data_start__ = .
 *(vtable)
 *(.data*)
 .data.cfgDescriptor
                0x0000000020000000       0x44 build/sam_ba_usb.o
 .data.line_coding
                0x0000000020000044        0x8 build/sam_ba_cdc.o
                0x0000000020000044                line_coding
                0x000000002000004c                . = ALIGN (0x4)
                0x000000002000004c                PROVIDE (__preinit_array_start, .)
 *(.preinit_array)
                0x000000002000004c                PROVIDE (__preinit_array_end, .)
                0x000000002000004c                . = ALIGN (0x4)
                0x000000002000004c                PROVIDE (__init_array_start, .)
 *(SORT(.init_array.*))
 *(.init_array)
 .init_array    0x000000002000004c        0x4 /home/kliment/.arduino15/packages/arduino/tools/arm-none-eabi-gcc/4.8.3-2014q1/bin/../lib/gcc/arm-none-eabi/4.8.3/armv6-m/crtbegin.o
                0x0000000020000050                PROVIDE (__init_array_end, .)
                0x0000000020000050                . = ALIGN (0x4)
                0x0000000020000050                PROVIDE (__fini_array_start, .)
 *(SORT(.fini_array.*))
 *(.fini_array)
 .fini_array    0x0000000020000050        0x4 /home/kliment/.arduino15/packages/arduino/tools/arm-none-eabi-gcc/4.8.3-2014q1/bin/../lib/gcc/arm-none-eabi/4.8.3/armv6-m/crtbegin.o
                0x0000000020000054                PROVIDE (__fini_array_end, .)
 *(.jcr*)
 .jcr           0x0000000020000054        0x0 /home/kliment/.arduino15/packages/arduino/tools/arm-none-eabi-gcc/4.8.3-2014q1/bin/../lib/gcc/arm-none-eabi/4.8.3/armv6-m/crtbegin.o
 .jcr           0x0000000020000054        0x4 /home/kliment/.arduino15/packages/arduino/tools/arm-none-eabi-gcc/4.8.3-2014q1/bin/../lib/gcc/arm-none-eabi/4.8.3/armv6-m/crtend.o
                0x0000000020000058                . = ALIGN (0x4)
                0x0000000020000058                __data_end__ = .

.igot.plt       0x0000000020000058        0x0 load address 0x0000000000001060
 .igot.plt      0x0000000000000000        0x0 /home/kliment/.arduino15/packages/arduino/tools/arm-none-eabi-gcc/4.8.3-2014q1/bin/../lib/gcc/arm-none-eabi/4.8.3/armv6-m/crtbegin.o

.bss            0x0000000020000058      0x358 load address 0x0000000000001060
                0x0000000020000058                . = ALIGN (0x4)
                0x0000000020000058                __bss_start__ = .
 *(.bss*)
 .bss           0x0000000020000058       0x1c /home/kliment/.arduino15/packages/arduino/tools/arm-none-eabi-gcc/4.8.3-2014q1/bin/../lib/gcc/arm-none-eabi/4.8.3/armv6-m/crtbegin.o
 .bss.uart_drv_error_flag
                0x0000000020000074        0x1 build/board_driver_serial.o
                0x0000000020000074                uart_drv_error_flag
 *fill*         0x0000000020000075        0x3 
 .bss.rxsize    0x0000000020000078        0x4 build/main.o
                0x0000000020000078                rxsize
 .bss.main_b_cdc_enable
                0x000000002000007c        0x1 build/main.o
 *fill*         0x000000002000007d        0x1 
 .bss.wIndex.10353
                0x000000002000007e        0x2 build/sam_ba_usb.o
 .bss.wStatus.10355
                0x0000000020000080        0x2 build/sam_ba_usb.o
 .bss.dir.10351
                0x0000000020000082        0x1 build/sam_ba_usb.o
 *fill*         0x0000000020000083        0x1 
 .bss.wLength.10354
                0x0000000020000084        0x2 build/sam_ba_usb.o
 .bss.bmRequestType.10349
                0x0000000020000086        0x1 build/sam_ba_usb.o
 .bss.bRequest.10350
                0x0000000020000087        0x1 build/sam_ba_usb.o
 .bss.wValue.10352
                0x0000000020000088        0x2 build/sam_ba_usb.o
 *(COMMON)
 *fill*         0x000000002000008a        0x2 
 COMMON         0x000000002000008c      0x180 build/board_driver_usb.o
                0x000000002000008c                udd_ep_out_cache_buffer
                0x000000002000010c                udd_ep_in_cache_buffer
                0x000000002000018c                usb_endpoint_table
 COMMON         0x000000002000020c       0x89 build/main.o
                0x000000002000020c                rxbuf
                0x0000000020000250                pulSketch_Start_Address
                0x0000000020000254                txbuf
 *fill*         0x0000000020000295        0x3 
 COMMON         0x0000000020000298        0xc build/sam_ba_usb.o
                0x0000000020000298                sam_ba_cdc
 COMMON         0x00000000200002a4      0x109 build/sam_ba_serial.o
                0x00000000200002a4                b_sharp_received
                0x00000000200002a5                idx_rx_write
                0x00000000200002a6                size_of_data
                0x00000000200002a8                idx_tx_read
                0x00000000200002a9                buffer_tx_usart
                0x0000000020000329                error_timeout
                0x000000002000032a                mode_of_transfer
                0x000000002000032b                idx_rx_read
                0x000000002000032c                idx_tx_write
                0x000000002000032d                buffer_rx_usart
                0x00000000200003b0                . = ALIGN (0x4)
 *fill*         0x00000000200003ad        0x3 
                0x00000000200003b0                __bss_end__ = .

.heap           0x00000000200003b0        0x0
                0x00000000200003b0                __end__ = .
                0x00000000200003b0                PROVIDE (end, .)
 *(.heap*)
                0x00000000200003b0                __HeapLimit = .

.stack_dummy    0x00000000200003b0        0x0
 *(.stack*)
                0x0000000020000ffc                __StackTop = (ORIGIN (RAM) + 0xffc)
                0x0000000020000ffc                __StackLimit = (__StackTop - SIZEOF (.stack_dummy))
                0x0000000020000ffc                PROVIDE (__stack, __StackTop)
                0x0000000020000ffb                __ram_end__ = ((ORIGIN (RAM) + 0xffc) - 0x1)
                0x0000000000000001                ASSERT ((__StackLimit >= __HeapLimit), region RAM overflowed with stack)
OUTPUT(build/samd21_sam_ba.elf elf32-littlearm)

.ARM.attributes
                0x0000000000000000       0x28
 .ARM.attributes
                0x0000000000000000       0x1e /home/kliment/.arduino15/packages/arduino/tools/arm-none-eabi-gcc/4.8.3-2014q1/bin/../lib/gcc/arm-none-eabi/4.8.3/armv6-m/crti.o
 .ARM.attributes
                0x000000000000001e       0x2c /home/kliment/.arduino15/packages/arduino/tools/arm-none-eabi-gcc/4.8.3-2014q1/bin/../lib/gcc/arm-none-eabi/4.8.3/armv6-m/crtbegin.o
 .ARM.attributes
                0x000000000000004a       0x32 build/board_driver_serial.o
 .ARM.attributes
                0x000000000000007c       0x32 build/board_driver_usb.o
 .ARM.attributes
                0x00000000000000ae       0x32 build/board_startup.o
 .ARM.attributes
                0x00000000000000e0       0x32 build/main.o
 .ARM.attributes
                0x0000000000000112       0x32 build/sam_ba_usb.o
 .ARM.attributes
                0x0000000000000144       0x32 build/sam_ba_cdc.o
 .ARM.attributes
                0x0000000000000176       0x32 build/sam_ba_serial.o
 .ARM.attributes
                0x00000000000001a8       0x2c /home/kliment/.arduino15/packages/arduino/tools/arm-none-eabi-gcc/4.8.3-2014q1/bin/../lib/gcc/arm-none-eabi/4.8.3/../../../../arm-none-eabi/lib/armv6-m/libc_s.a(lib_a-memcpy-stub.o)
 .ARM.attributes
                0x00000000000001d4       0x2c /home/kliment/.arduino15/packages/arduino/tools/arm-none-eabi-gcc/4.8.3-2014q1/bin/../lib/gcc/arm-none-eabi/4.8.3/../../../../arm-none-eabi/lib/armv6-m/libc_s.a(lib_a-memset.o)
 .ARM.attributes
                0x0000000000000200       0x2c /home/kliment/.arduino15/packages/arduino/tools/arm-none-eabi-gcc/4.8.3-2014q1/bin/../lib/gcc/arm-none-eabi/4.8.3/../../../../arm-none-eabi/lib/armv6-m/libc_s.a(lib_a-strlen.o)
 .ARM.attributes
                0x000000000000022c       0x2c /home/kliment/.arduino15/packages/arduino/tools/arm-none-eabi-gcc/4.8.3-2014q1/bin/../lib/gcc/arm-none-eabi/4.8.3/armv6-m/crtend.o
 .ARM.attributes
                0x0000000000000258       0x1e /home/kliment/.arduino15/packages/arduino/tools/arm-none-eabi-gcc/4.8.3-2014q1/bin/../lib/gcc/arm-none-eabi/4.8.3/armv6-m/crtn.o

.comment        0x0000000000000000       0x80
 .comment       0x0000000000000000       0x80 build/board_driver_serial.o
                                         0x81 (size before relaxing)
 .comment       0x0000000000000000       0x81 build/board_driver_usb.o
 .comment       0x0000000000000000       0x81 build/board_startup.o
 .comment       0x0000000000000000       0x81 build/main.o
 .comment       0x0000000000000000       0x81 build/sam_ba_usb.o
 .comment       0x0000000000000000       0x81 build/sam_ba_cdc.o
 .comment       0x0000000000000000       0x81 build/sam_ba_serial.o

.debug_info     0x0000000000000000    0x10d23
 .debug_info    0x0000000000000000     0x1e2b build/board_driver_serial.o
 .debug_info    0x0000000000001e2b     0x34fa build/board_driver_usb.o
 .debug_info    0x0000000000005325      0x246 build/board_startup.o
 .debug_info    0x000000000000556b     0x3f5a build/main.o
 .debug_info    0x00000000000094c5     0x2272 build/sam_ba_usb.o
 .debug_info    0x000000000000b737     0x2120 build/sam_ba_cdc.o
 .debug_info    0x000000000000d857     0x34cc build/sam_ba_serial.o

.debug_abbrev   0x0000000000000000     0x121b
 .debug_abbrev  0x0000000000000000      0x1a5 build/board_driver_serial.o
 .debug_abbrev  0x00000000000001a5      0x2fd build/board_driver_usb.o
 .debug_abbrev  0x00000000000004a2       0xf0 build/board_startup.o
 .debug_abbrev  0x0000000000000592      0x37a build/main.o
 .debug_abbrev  0x000000000000090c      0x2ee build/sam_ba_usb.o
 .debug_abbrev  0x0000000000000bfa      0x26b build/sam_ba_cdc.o
 .debug_abbrev  0x0000000000000e65      0x3b6 build/sam_ba_serial.o

.debug_loc      0x0000000000000000     0x1042
 .debug_loc     0x0000000000000000       0xd4 build/board_driver_serial.o
 .debug_loc     0x00000000000000d4      0x4df build/board_driver_usb.o
 .debug_loc     0x00000000000005b3       0x4f build/board_startup.o
 .debug_loc     0x0000000000000602       0x88 build/main.o
 .debug_loc     0x000000000000068a      0x209 build/sam_ba_usb.o
 .debug_loc     0x0000000000000893      0x169 build/sam_ba_cdc.o
 .debug_loc     0x00000000000009fc      0x646 build/sam_ba_serial.o

.debug_aranges  0x0000000000000000      0x230
 .debug_aranges
                0x0000000000000000       0x48 build/board_driver_serial.o
 .debug_aranges
                0x0000000000000048       0x78 build/board_driver_usb.o
 .debug_aranges
                0x00000000000000c0       0x40 build/board_startup.o
 .debug_aranges
                0x0000000000000100       0x38 build/main.o
 .debug_aranges
                0x0000000000000138       0x30 build/sam_ba_usb.o
 .debug_aranges
                0x0000000000000168       0x48 build/sam_ba_cdc.o
 .debug_aranges
                0x00000000000001b0       0x80 build/sam_ba_serial.o

.debug_ranges   0x0000000000000000      0x250
 .debug_ranges  0x0000000000000000       0x38 build/board_driver_serial.o
 .debug_ranges  0x0000000000000038       0x68 build/board_driver_usb.o
 .debug_ranges  0x00000000000000a0       0x30 build/board_startup.o
 .debug_ranges  0x00000000000000d0       0xa0 build/main.o
 .debug_ranges  0x0000000000000170       0x20 build/sam_ba_usb.o
 .debug_ranges  0x0000000000000190       0x38 build/sam_ba_cdc.o
 .debug_ranges  0x00000000000001c8       0x88 build/sam_ba_serial.o

.debug_macro    0x0000000000000000     0x2a9d
 .debug_macro   0x0000000000000000      0x3b7 build/board_driver_serial.o
 .debug_macro   0x00000000000003b7       0x58 build/board_driver_serial.o
 .debug_macro   0x000000000000040f       0x35 build/board_driver_serial.o
 .debug_macro   0x0000000000000444       0xa3 build/board_driver_serial.o
 .debug_macro   0x00000000000004e7       0x16 build/board_driver_serial.o
 .debug_macro   0x00000000000004fd       0x97 build/board_driver_serial.o
 .debug_macro   0x0000000000000594       0x10 build/board_driver_serial.o
 .debug_macro   0x00000000000005a4       0xef build/board_driver_serial.o
 .debug_macro   0x0000000000000693       0x4a build/board_driver_serial.o
 .debug_macro   0x00000000000006dd       0x52 build/board_driver_serial.o
 .debug_macro   0x000000000000072f       0x16 build/board_driver_serial.o
 .debug_macro   0x0000000000000745       0x43 build/board_driver_serial.o
 .debug_macro   0x0000000000000788      0x180 build/board_driver_serial.o
 .debug_macro   0x0000000000000908       0x10 build/board_driver_serial.o
 .debug_macro   0x0000000000000918       0x22 build/board_driver_serial.o
 .debug_macro   0x000000000000093a       0xbd build/board_driver_serial.o
 .debug_macro   0x00000000000009f7       0x16 build/board_driver_serial.o
 .debug_macro   0x0000000000000a0d      0x16c build/board_driver_serial.o
 .debug_macro   0x0000000000000b79      0x20f build/board_driver_serial.o
 .debug_macro   0x0000000000000d88      0x3e0 build/board_driver_usb.o
 .debug_macro   0x0000000000001168      0x166 build/board_driver_usb.o
 .debug_macro   0x00000000000012ce      0x2a6 build/board_driver_usb.o
 .debug_macro   0x0000000000001574       0x10 build/board_driver_usb.o
 .debug_macro   0x0000000000001584       0x35 build/board_driver_usb.o
 .debug_macro   0x00000000000015b9       0x1f build/board_driver_usb.o
 .debug_macro   0x00000000000015d8       0x40 build/board_driver_usb.o
 .debug_macro   0x0000000000001618       0xee build/board_driver_usb.o
 .debug_macro   0x0000000000001706       0x16 build/board_driver_usb.o
 .debug_macro   0x000000000000171c      0x2e2 build/board_startup.o
 .debug_macro   0x00000000000019fe      0x42e build/main.o
 .debug_macro   0x0000000000001e2c       0x3a build/main.o
 .debug_macro   0x0000000000001e66       0x46 build/main.o
 .debug_macro   0x0000000000001eac       0xf4 build/main.o
 .debug_macro   0x0000000000001fa0       0x1c build/main.o
 .debug_macro   0x0000000000001fbc      0x3e3 build/sam_ba_usb.o
 .debug_macro   0x000000000000239f      0x313 build/sam_ba_cdc.o
 .debug_macro   0x00000000000026b2      0x3eb build/sam_ba_serial.o

.debug_line     0x0000000000000000     0x4012
 .debug_line    0x0000000000000000      0x8b5 build/board_driver_serial.o
 .debug_line    0x00000000000008b5      0xa53 build/board_driver_usb.o
 .debug_line    0x0000000000001308      0x79e build/board_startup.o
 .debug_line    0x0000000000001aa6      0x97f build/main.o
 .debug_line    0x0000000000002425      0x9c6 build/sam_ba_usb.o
 .debug_line    0x0000000000002deb      0x7ed build/sam_ba_cdc.o
 .debug_line    0x00000000000035d8      0xa3a build/sam_ba_serial.o

.debug_str      0x0000000000000000    0x6fbd7
 .debug_str     0x0000000000000000    0x6c648 build/board_driver_serial.o
                                      0x6ca33 (size before relaxing)
 .debug_str     0x000000000006c648     0x22bc build/board_driver_usb.o
                                      0x6db0c (size before relaxing)
 .debug_str     0x000000000006e904      0x178 build/board_startup.o
                                      0x6a27c (size before relaxing)
 .debug_str     0x000000000006ea7c      0xd63 build/main.o
                                      0x6defc (size before relaxing)
 .debug_str     0x000000000006f7df      0x177 build/sam_ba_usb.o
                                      0x6d916 (size before relaxing)
 .debug_str     0x000000000006f956       0x9c build/sam_ba_cdc.o
                                      0x6af2b (size before relaxing)
 .debug_str     0x000000000006f9f2      0x1e5 build/sam_ba_serial.o
                                      0x6d459 (size before relaxing)

.debug_frame    0x0000000000000000      0x57c
 .debug_frame   0x0000000000000000       0x8c build/board_driver_serial.o
 .debug_frame   0x000000000000008c      0x140 build/board_driver_usb.o
 .debug_frame   0x00000000000001cc       0x6c build/board_startup.o
 .debug_frame   0x0000000000000238       0x6c build/main.o
 .debug_frame   0x00000000000002a4       0x6c build/sam_ba_usb.o
 .debug_frame   0x0000000000000310       0xb4 build/sam_ba_cdc.o
 .debug_frame   0x00000000000003c4      0x150 build/sam_ba_serial.o
 .debug_frame   0x0000000000000514       0x28 /home/kliment/.arduino15/packages/arduino/tools/arm-none-eabi-gcc/4.8.3-2014q1/bin/../lib/gcc/arm-none-eabi/4.8.3/../../../../arm-none-eabi/lib/armv6-m/libc_s.a(lib_a-memcpy-stub.o)
 .debug_frame   0x000000000000053c       0x20 /home/kliment/.arduino15/packages/arduino/tools/arm-none-eabi-gcc/4.8.3-2014q1/bin/../lib/gcc/arm-none-eabi/4.8.3/../../../../arm-none-eabi/lib/armv6-m/libc_s.a(lib_a-memset.o)
 .debug_frame   0x000000000000055c       0x20 /home/kliment/.arduino15/packages/arduino/tools/arm-none-eabi-gcc/4.8.3-2014q1/bin/../lib/gcc/arm-none-eabi/4.8.3/../../../../arm-none-eabi/lib/armv6-m/libc_s.a(lib_a-strlen.o)

Cross Reference Table

Symbol                                            File
HardFault_Handler                                 build/board_startup.o
LED_pulse                                         build/board_driver_led.o
MAX_FLASH                                         build/sam_ba_monitor.o
NMI_Handler                                       build/board_startup.o
PAGES                                             build/sam_ba_monitor.o
PAGE_SIZE                                         build/sam_ba_monitor.o
PendSV_Handler                                    build/board_startup.o
Reset_Handler                                     build/board_startup.o
RomBOOT_ExtendedCapabilities                      build/sam_ba_monitor.o
RomBOOT_Version                                   build/sam_ba_monitor.o
SVC_Handler                                       build/board_startup.o
SysTick_Handler                                   build/main.o
                                                  build/board_startup.o
USB_Configure                                     build/board_driver_usb.o
                                                  build/sam_ba_usb.o
USB_Init                                          build/board_driver_usb.o
                                                  build/sam_ba_usb.o
USB_IsConfigured                                  build/board_driver_usb.o
                                                  build/sam_ba_cdc.o
USB_Open                                          build/board_driver_usb.o
                                                  build/sam_ba_usb.o
USB_Read                                          build/board_driver_usb.o
                                                  build/sam_ba_cdc.o
USB_Read_EP                                       build/board_driver_usb.o
USB_Read_blocking                                 build/board_driver_usb.o
USB_Read_blocking_EP                              build/board_driver_usb.o
USB_SendStall                                     build/board_driver_usb.o
                                                  build/sam_ba_usb.o
USB_SendString                                    build/sam_ba_usb.o
USB_SendZlp                                       build/board_driver_usb.o
                                                  build/sam_ba_usb.o
USB_SetAddress                                    build/board_driver_usb.o
                                                  build/sam_ba_usb.o
USB_Write                                         build/board_driver_usb.o
                                                  build/sam_ba_cdc.o
                                                  build/sam_ba_usb.o
_Jv_RegisterClasses                               /home/kliment/.arduino15/packages/arduino/tools/arm-none-eabi-gcc/4.8.3-2014q1/bin/../lib/gcc/arm-none-eabi/4.8.3/armv6-m/crtbegin.o
__StackTop                                        build/board_startup.o
__bss_end__                                       build/board_startup.o
                                                  /home/kliment/.arduino15/packages/arduino/tools/arm-none-eabi-gcc/4.8.3-2014q1/bin/../lib/gcc/arm-none-eabi/4.8.3/../../../../arm-none-eabi/lib/armv6-m/crt0.o
__bss_start__                                     build/board_startup.o
                                                  /home/kliment/.arduino15/packages/arduino/tools/arm-none-eabi-gcc/4.8.3-2014q1/bin/../lib/gcc/arm-none-eabi/4.8.3/../../../../arm-none-eabi/lib/armv6-m/crt0.o
__call_exitprocs                                  /home/kliment/.arduino15/packages/arduino/tools/arm-none-eabi-gcc/4.8.3-2014q1/bin/../lib/gcc/arm-none-eabi/4.8.3/../../../../arm-none-eabi/lib/armv6-m/libc_s.a(lib_a-exit.o)
__data_end__                                      build/board_startup.o
__data_start__                                    build/board_startup.o
__deregister_frame_info                           /home/kliment/.arduino15/packages/arduino/tools/arm-none-eabi-gcc/4.8.3-2014q1/bin/../lib/gcc/arm-none-eabi/4.8.3/armv6-m/crtbegin.o
__dso_handle                                      /home/kliment/.arduino15/packages/arduino/tools/arm-none-eabi-gcc/4.8.3-2014q1/bin/../lib/gcc/arm-none-eabi/4.8.3/armv6-m/crtbegin.o
__etext                                           build/board_startup.o
__init_array_end                                  /home/kliment/.arduino15/packages/arduino/tools/arm-none-eabi-gcc/4.8.3-2014q1/bin/../lib/gcc/arm-none-eabi/4.8.3/../../../../arm-none-eabi/lib/armv6-m/libc_s.a(lib_a-init.o)
__init_array_start                                /home/kliment/.arduino15/packages/arduino/tools/arm-none-eabi-gcc/4.8.3-2014q1/bin/../lib/gcc/arm-none-eabi/4.8.3/../../../../arm-none-eabi/lib/armv6-m/libc_s.a(lib_a-init.o)
__libc_fini_array                                 /home/kliment/.arduino15/packages/arduino/tools/arm-none-eabi-gcc/4.8.3-2014q1/bin/../lib/gcc/arm-none-eabi/4.8.3/../../../../arm-none-eabi/lib/armv6-m/crt0.o
__libc_init_array                                 /home/kliment/.arduino15/packages/arduino/tools/arm-none-eabi-gcc/4.8.3-2014q1/bin/../lib/gcc/arm-none-eabi/4.8.3/../../../../arm-none-eabi/lib/armv6-m/libc_s.a(lib_a-init.o)
                                                  /home/kliment/.arduino15/packages/arduino/tools/arm-none-eabi-gcc/4.8.3-2014q1/bin/../lib/gcc/arm-none-eabi/4.8.3/../../../../arm-none-eabi/lib/armv6-m/crt0.o
__preinit_array_end                               /home/kliment/.arduino15/packages/arduino/tools/arm-none-eabi-gcc/4.8.3-2014q1/bin/../lib/gcc/arm-none-eabi/4.8.3/../../../../arm-none-eabi/lib/armv6-m/libc_s.a(lib_a-init.o)
__preinit_array_start                             /home/kliment/.arduino15/packages/arduino/tools/arm-none-eabi-gcc/4.8.3-2014q1/bin/../lib/gcc/arm-none-eabi/4.8.3/../../../../arm-none-eabi/lib/armv6-m/libc_s.a(lib_a-init.o)
__register_frame_info                             /home/kliment/.arduino15/packages/arduino/tools/arm-none-eabi-gcc/4.8.3-2014q1/bin/../lib/gcc/arm-none-eabi/4.8.3/armv6-m/crtbegin.o
__sf_fake_stderr                                  /home/kliment/.arduino15/packages/arduino/tools/arm-none-eabi-gcc/4.8.3-2014q1/bin/../lib/gcc/arm-none-eabi/4.8.3/../../../../arm-none-eabi/lib/armv6-m/libc_s.a(lib_a-impure.o)
__sf_fake_stdin                                   /home/kliment/.arduino15/packages/arduino/tools/arm-none-eabi-gcc/4.8.3-2014q1/bin/../lib/gcc/arm-none-eabi/4.8.3/../../../../arm-none-eabi/lib/armv6-m/libc_s.a(lib_a-impure.o)
__sf_fake_stdout                                  /home/kliment/.arduino15/packages/arduino/tools/arm-none-eabi-gcc/4.8.3-2014q1/bin/../lib/gcc/arm-none-eabi/4.8.3/../../../../arm-none-eabi/lib/armv6-m/libc_s.a(lib_a-impure.o)
__stack                                           /home/kliment/.arduino15/packages/arduino/tools/arm-none-eabi-gcc/4.8.3-2014q1/bin/../lib/gcc/arm-none-eabi/4.8.3/../../../../arm-none-eabi/lib/armv6-m/crt0.o
_exit                                             /home/kliment/.arduino15/packages/arduino/tools/arm-none-eabi-gcc/4.8.3-2014q1/bin/../lib/gcc/arm-none-eabi/4.8.3/../../../../arm-none-eabi/lib/armv6-m/libnosys.a(_exit.o)
                                                  /home/kliment/.arduino15/packages/arduino/tools/arm-none-eabi-gcc/4.8.3-2014q1/bin/../lib/gcc/arm-none-eabi/4.8.3/../../../../arm-none-eabi/lib/armv6-m/libc_s.a(lib_a-exit.o)
_fini                                             /home/kliment/.arduino15/packages/arduino/tools/arm-none-eabi-gcc/4.8.3-2014q1/bin/../lib/gcc/arm-none-eabi/4.8.3/armv6-m/crti.o
_global_impure_ptr                                /home/kliment/.arduino15/packages/arduino/tools/arm-none-eabi-gcc/4.8.3-2014q1/bin/../lib/gcc/arm-none-eabi/4.8.3/../../../../arm-none-eabi/lib/armv6-m/libc_s.a(lib_a-impure.o)
                                                  /home/kliment/.arduino15/packages/arduino/tools/arm-none-eabi-gcc/4.8.3-2014q1/bin/../lib/gcc/arm-none-eabi/4.8.3/../../../../arm-none-eabi/lib/armv6-m/libc_s.a(lib_a-exit.o)
_impure_ptr                                       /home/kliment/.arduino15/packages/arduino/tools/arm-none-eabi-gcc/4.8.3-2014q1/bin/../lib/gcc/arm-none-eabi/4.8.3/../../../../arm-none-eabi/lib/armv6-m/libc_s.a(lib_a-impure.o)
_init                                             /home/kliment/.arduino15/packages/arduino/tools/arm-none-eabi-gcc/4.8.3-2014q1/bin/../lib/gcc/arm-none-eabi/4.8.3/armv6-m/crti.o
                                                  /home/kliment/.arduino15/packages/arduino/tools/arm-none-eabi-gcc/4.8.3-2014q1/bin/../lib/gcc/arm-none-eabi/4.8.3/../../../../arm-none-eabi/lib/armv6-m/libc_s.a(lib_a-init.o)
_mainCRTStartup                                   /home/kliment/.arduino15/packages/arduino/tools/arm-none-eabi-gcc/4.8.3-2014q1/bin/../lib/gcc/arm-none-eabi/4.8.3/../../../../arm-none-eabi/lib/armv6-m/crt0.o
_start                                            /home/kliment/.arduino15/packages/arduino/tools/arm-none-eabi-gcc/4.8.3-2014q1/bin/../lib/gcc/arm-none-eabi/4.8.3/../../../../arm-none-eabi/lib/armv6-m/crt0.o
atexit                                            /home/kliment/.arduino15/packages/arduino/tools/arm-none-eabi-gcc/4.8.3-2014q1/bin/../lib/gcc/arm-none-eabi/4.8.3/../../../../arm-none-eabi/lib/armv6-m/crt0.o
b_sam_ba_interface_usart                          build/sam_ba_monitor.o
b_sharp_received                                  build/sam_ba_serial.o
b_terminal_mode                                   build/sam_ba_monitor.o
board_init                                        build/board_init.o
buffer_rx_usart                                   build/sam_ba_serial.o
buffer_tx_usart                                   build/sam_ba_serial.o
call_applet                                       build/sam_ba_monitor.o
cdc_getc                                          build/sam_ba_cdc.o
                                                  build/sam_ba_monitor.o
cdc_is_rx_ready                                   build/sam_ba_cdc.o
                                                  build/sam_ba_monitor.o
cdc_putc                                          build/sam_ba_cdc.o
                                                  build/sam_ba_monitor.o
cdc_read_buf                                      build/sam_ba_cdc.o
                                                  build/sam_ba_monitor.o
cdc_read_buf_xmd                                  build/sam_ba_cdc.o
                                                  build/sam_ba_monitor.o
cdc_write_buf                                     build/sam_ba_cdc.o
                                                  build/sam_ba_monitor.o
command                                           build/sam_ba_monitor.o
current_number                                    build/sam_ba_monitor.o
data                                              build/sam_ba_monitor.o
error_timeout                                     build/sam_ba_serial.o
exception_table                                   build/board_startup.o
exit                                              /home/kliment/.arduino15/packages/arduino/tools/arm-none-eabi-gcc/4.8.3-2014q1/bin/../lib/gcc/arm-none-eabi/4.8.3/../../../../arm-none-eabi/lib/armv6-m/libc_s.a(lib_a-exit.o)
                                                  /home/kliment/.arduino15/packages/arduino/tools/arm-none-eabi-gcc/4.8.3-2014q1/bin/../lib/gcc/arm-none-eabi/4.8.3/../../../../arm-none-eabi/lib/armv6-m/crt0.o
hardware_init_hook                                /home/kliment/.arduino15/packages/arduino/tools/arm-none-eabi-gcc/4.8.3-2014q1/bin/../lib/gcc/arm-none-eabi/4.8.3/../../../../arm-none-eabi/lib/armv6-m/crt0.o
i                                                 build/sam_ba_monitor.o
idx_rx_read                                       build/sam_ba_serial.o
idx_rx_write                                      build/sam_ba_serial.o
idx_tx_read                                       build/sam_ba_serial.o
idx_tx_write                                      build/sam_ba_serial.o
init_GPIO                                         build/main.o
j                                                 build/sam_ba_monitor.o
ledDirection                                      build/board_driver_led.o
ledKeepValue                                      build/board_driver_led.o
ledTargetValue                                    build/board_driver_led.o
length                                            build/sam_ba_monitor.o
line_coding                                       build/sam_ba_cdc.o
                                                  build/sam_ba_usb.o
line_coding_in                                    build/sam_ba_cdc.o
main                                              build/main.o
                                                  build/board_startup.o
                                                  /home/kliment/.arduino15/packages/arduino/tools/arm-none-eabi-gcc/4.8.3-2014q1/bin/../lib/gcc/arm-none-eabi/4.8.3/../../../../arm-none-eabi/lib/armv6-m/crt0.o
memcpy                                            /home/kliment/.arduino15/packages/arduino/tools/arm-none-eabi-gcc/4.8.3-2014q1/bin/../lib/gcc/arm-none-eabi/4.8.3/../../../../arm-none-eabi/lib/armv6-m/libc_s.a(lib_a-memcpy-stub.o)
                                                  build/sam_ba_monitor.o
                                                  build/sam_ba_usb.o
                                                  build/board_driver_usb.o
memset                                            /home/kliment/.arduino15/packages/arduino/tools/arm-none-eabi-gcc/4.8.3-2014q1/bin/../lib/gcc/arm-none-eabi/4.8.3/../../../../arm-none-eabi/lib/armv6-m/libc_s.a(lib_a-memset.o)
                                                  build/board_driver_usb.o
                                                  /home/kliment/.arduino15/packages/arduino/tools/arm-none-eabi-gcc/4.8.3-2014q1/bin/../lib/gcc/arm-none-eabi/4.8.3/../../../../arm-none-eabi/lib/armv6-m/crt0.o
mode_of_transfer                                  build/sam_ba_serial.o
ptr                                               build/sam_ba_monitor.o
ptr_data                                          build/sam_ba_monitor.o
ptr_monitor_if                                    build/sam_ba_monitor.o
pulSketch_Start_Address                           build/main.o
rxLEDPulse                                        build/sam_ba_monitor.o
rxbuf                                             build/main.o
rxsize                                            build/main.o
sam_ba_cdc                                        build/sam_ba_cdc.o
                                                  build/sam_ba_usb.o
sam_ba_monitor_init                               build/sam_ba_monitor.o
sam_ba_monitor_run                                build/sam_ba_monitor.o
sam_ba_monitor_sys_tick                           build/sam_ba_monitor.o
sam_ba_putdata_term                               build/sam_ba_monitor.o
sam_ba_usb_CDC_Enumerate                          build/sam_ba_usb.o
                                                  build/board_driver_usb.o
serial_add_crc                                    build/sam_ba_serial.o
                                                  build/sam_ba_monitor.o
serial_close                                      build/sam_ba_serial.o
serial_getc                                       build/sam_ba_serial.o
                                                  build/main.o
serial_getdata                                    build/sam_ba_serial.o
serial_getdata_xmd                                build/sam_ba_serial.o
serial_is_rx_ready                                build/sam_ba_serial.o
                                                  build/main.o
serial_open                                       build/sam_ba_serial.o
                                                  build/main.o
serial_putc                                       build/sam_ba_serial.o
serial_putdata                                    build/sam_ba_serial.o
serial_putdata_xmd                                build/sam_ba_serial.o
serial_readc                                      build/sam_ba_serial.o
serial_sharp_received                             build/sam_ba_serial.o
size_of_data                                      build/sam_ba_serial.o
software_init_hook                                /home/kliment/.arduino15/packages/arduino/tools/arm-none-eabi-gcc/4.8.3-2014q1/bin/../lib/gcc/arm-none-eabi/4.8.3/../../../../arm-none-eabi/lib/armv6-m/crt0.o
sp                                                build/sam_ba_monitor.o
strlen                                            /home/kliment/.arduino15/packages/arduino/tools/arm-none-eabi-gcc/4.8.3-2014q1/bin/../lib/gcc/arm-none-eabi/4.8.3/../../../../arm-none-eabi/lib/armv6-m/libc_s.a(lib_a-strlen.o)
                                                  build/sam_ba_usb.o
testinit                                          build/main.o
txLEDPulse                                        build/sam_ba_monitor.o
txbuf                                             build/main.o
u32tmp                                            build/sam_ba_monitor.o
uart_basic_init                                   build/board_driver_serial.o
                                                  build/sam_ba_serial.o
uart_disable                                      build/board_driver_serial.o
                                                  build/sam_ba_serial.o
uart_drv_error_flag                               build/board_driver_serial.o
uart_read_buffer_polled                           build/board_driver_serial.o
uart_read_byte                                    build/board_driver_serial.o
                                                  build/sam_ba_serial.o
uart_write_buffer_polled                          build/board_driver_serial.o
uart_write_byte                                   build/board_driver_serial.o
                                                  build/sam_ba_serial.o
udd_ep_in_cache_buffer                            build/board_driver_usb.o
udd_ep_out_cache_buffer                           build/sam_ba_usb.o
                                                  build/board_driver_usb.o
usb_endpoint_table                                build/board_driver_usb.o
usb_init                                          build/sam_ba_usb.o
                                                  build/main.o
usbcdc_if                                         build/sam_ba_monitor.o
